// Jest Snapshot v1, https://goo.gl/fbAQLP

exports[`Sidebar.vue 初期表示 スナップショット 1`] = `
<div id="sidebar">
  <div class="md-toolbar md-transparent memo-list-title md-theme-default md-elevation-0">
    Memo list
  </div>
  <ul class="md-list md-theme-default">
    <li data-selected="true" class="md-list-item md-list-item-text memo-list-item">
      <button type="button" class="md-list-item-button md-list-item-container md-button-clean">
        <div class="md-list-item-content md-ripple">
          <p class="memo-title"># メモその１</p>
        </div>
      </button>
    </li>
    <li class="md-list-item md-list-item-text memo-list-item">
      <button type="button" class="md-list-item-button md-list-item-container md-button-clean">
        <div class="md-list-item-content md-ripple">
          <p class="memo-title"># メモその2</p>
        </div>
      </button>
    </li>
  </ul>
  <div>
    <button type="button" class="md-button md-raised md-icon-button addMemoBtn md-theme-default">
      <div class="md-ripple">
        <div class="md-button-content">
          <i class="btn-icon fas fa-plus"></i>
        </div>
      </div>
    </button>
  </div>
</div>
`;
